// Jest Snapshot v1, https://goo.gl/fbAQLP

exports[`Common should print embedded views 1`] = `
<tst-host>
  <span>
    Hello!
  </span>
  
        
  <span>
    Hello World!
  </span>
  
        
  <span>
    Ahoj Svet!
  </span>
  
        
  
        
  
        
</tst-host>
`;

exports[`Common should print list generated by ngFor 1`] = `
<tst-host>
  <div>
    
          
    <div
      class="content"
    >
      text1
    </div>
    
        
  </div>
  <div>
    
          
    <div
      class="content"
    >
      text2
    </div>
    
        
  </div>
  <div>
    
          
    <div
      class="content"
    >
      text3
    </div>
    
        
  </div>
  <div>
    
          
    <div
      class="content"
    >
      text4
    </div>
    
        
  </div>
</tst-host>
`;
