// Jest Snapshot v1, https://goo.gl/fbAQLP

exports[`Empty should print empty component 1`] = `<tst-host />`;
